// Jest Snapshot v1, https://goo.gl/fbAQLP

exports[`<TileActions /> create tile actions component 1`] = `
<div
  className="fd-tile__actions yellow"
>
  <div
    className="fd-popover"
  >
    <div
      aria-expanded={false}
      className="fd-popover__control"
      onClick={[Function]}
    >
      <button
        className="fd-button fd-button--standard sap-icon--vertical-grip"
      />
    </div>
    <div
      aria-hidden={true}
      className="fd-popover__body"
    >
      <nav
        className="fd-menu"
      >
        <ul
          className="fd-menu__list"
        >
          <li>
            <a
              className="fd-menu__item"
              href="/"
            >
              Option 1
            </a>
          </li>
          <li>
            <a
              className="fd-menu__item"
              href="/"
            >
              Option 2
            </a>
          </li>
          <li>
            <a
              className="fd-menu__item"
              href="/"
            >
              Option 3
            </a>
          </li>
          <li>
            <a
              className="fd-menu__item"
              href="/"
            >
              Option 4
            </a>
          </li>
        </ul>
      </nav>
    </div>
  </div>
</div>
`;
